// Jest Snapshot v1, https://goo.gl/fbAQLP

exports[`App should match the snapshot with the data passed through 1`] = `
<main>
  <nav
    className="nav"
  >
    <NavLink
      className="home-nav"
      to="/"
    >
      <button>
        HOME
      </button>
    </NavLink>
    <form
      className="enter-game"
    >
      <input
        name="player"
        onChange={[Function]}
        placeholder="player's name: "
        value=""
      />
      <NavLink
        onClick={[Function]}
        to="/"
      >
        <NavLink
          className="game-nav"
          to="/game"
        >
          <button>
            PLAY GAME
          </button>
        </NavLink>
      </NavLink>
    </form>
    <h1>
      World of Ghibli
    </h1>
  </nav>
  <Route
    exact={true}
    path="/"
    render={[Function]}
  />
  <Route
    exact={true}
    path="/game"
    render={[Function]}
  />
  <footer />
</main>
`;
